[   24132ms] TypeError: Cannot read properties of null (reading 'show')
    at Object.show (https://www.shadow-bling.com/_nuxt/D1TAodb5.js:1:3626)
    at https://www.shadow-bling.com/_nuxt/D1TAodb5.js:1:6453
    at async Object.intro (https://www.shadow-bling.com/_nuxt/D1TAodb5.js:1:6438)
[   28971ms] TypeError: Cannot set properties of null (setting 'onpointerdown')
    at Object.create_audio_drageffect (https://www.shadow-bling.com/_nuxt/D1TAodb5.js:1:7247)
    at e.onComplete (https://www.shadow-bling.com/_nuxt/D1TAodb5.js:1:4420)
    at gt (https://www.shadow-bling.com/_nuxt/CkxRZcSk.js:41:11753)
    at n.render (https://www.shadow-bling.com/_nuxt/CkxRZcSk.js:41:40164)
    at n.render (https://www.shadow-bling.com/_nuxt/CkxRZcSk.js:41:27178)
    at n.render (https://www.shadow-bling.com/_nuxt/CkxRZcSk.js:41:27178)
    at Mh (https://www.shadow-bling.com/_nuxt/CkxRZcSk.js:41:2241)
    at e.updateRoot (https://www.shadow-bling.com/_nuxt/CkxRZcSk.js:41:31954)
    at _ (https://www.shadow-bling.com/_nuxt/CkxRZcSk.js:41:15060)
[   45501ms] TypeError: Cannot set properties of null (setting 'onpointerdown')
    at Object.create_audio_drageffect (https://www.shadow-bling.com/_nuxt/D1TAodb5.js:1:7247)
    at e.onComplete (https://www.shadow-bling.com/_nuxt/D1TAodb5.js:1:4420)
    at gt (https://www.shadow-bling.com/_nuxt/CkxRZcSk.js:41:11753)
    at n.render (https://www.shadow-bling.com/_nuxt/CkxRZcSk.js:41:40164)
    at n.render (https://www.shadow-bling.com/_nuxt/CkxRZcSk.js:41:27178)
    at n.render (https://www.shadow-bling.com/_nuxt/CkxRZcSk.js:41:27178)
    at Mh (https://www.shadow-bling.com/_nuxt/CkxRZcSk.js:41:2241)
    at e.updateRoot (https://www.shadow-bling.com/_nuxt/CkxRZcSk.js:41:31954)
    at _ (https://www.shadow-bling.com/_nuxt/CkxRZcSk.js:41:15060)
[   52000ms] TypeError: Cannot set properties of null (setting 'onpointerdown')
    at Object.create_audio_drageffect (https://www.shadow-bling.com/_nuxt/D1TAodb5.js:1:7247)
    at e.onComplete (https://www.shadow-bling.com/_nuxt/D1TAodb5.js:1:4420)
    at gt (https://www.shadow-bling.com/_nuxt/CkxRZcSk.js:41:11753)
    at n.render (https://www.shadow-bling.com/_nuxt/CkxRZcSk.js:41:40164)
    at n.render (https://www.shadow-bling.com/_nuxt/CkxRZcSk.js:41:27178)
    at n.render (https://www.shadow-bling.com/_nuxt/CkxRZcSk.js:41:27178)
    at Mh (https://www.shadow-bling.com/_nuxt/CkxRZcSk.js:41:2241)
    at e.updateRoot (https://www.shadow-bling.com/_nuxt/CkxRZcSk.js:41:31954)
    at _ (https://www.shadow-bling.com/_nuxt/CkxRZcSk.js:41:15060)
[   58587ms] TypeError: Cannot set properties of null (setting 'onpointerdown')
    at Object.create_audio_drageffect (https://www.shadow-bling.com/_nuxt/D1TAodb5.js:1:7247)
    at e.onComplete (https://www.shadow-bling.com/_nuxt/D1TAodb5.js:1:4420)
    at gt (https://www.shadow-bling.com/_nuxt/CkxRZcSk.js:41:11753)
    at n.render (https://www.shadow-bling.com/_nuxt/CkxRZcSk.js:41:40164)
    at n.render (https://www.shadow-bling.com/_nuxt/CkxRZcSk.js:41:27178)
    at n.render (https://www.shadow-bling.com/_nuxt/CkxRZcSk.js:41:27178)
    at Mh (https://www.shadow-bling.com/_nuxt/CkxRZcSk.js:41:2241)
    at e.updateRoot (https://www.shadow-bling.com/_nuxt/CkxRZcSk.js:41:31954)
    at _ (https://www.shadow-bling.com/_nuxt/CkxRZcSk.js:41:15060)
